C:\Users\jorge\Documents\MCUXpressoIDE_11.4.0_6237\workspace\frdmk64f_lwip_mqtt_freertos\CMSIS/core_cm4.h:1679:22:__NVIC_EnableIRQ	16	static
C:\Users\jorge\Documents\MCUXpressoIDE_11.4.0_6237\workspace\frdmk64f_lwip_mqtt_freertos\drivers/fsl_common_arm.h:488:24:EnableIRQ	24	static
C:\Users\jorge\Documents\MCUXpressoIDE_11.4.0_6237\workspace\frdmk64f_lwip_mqtt_freertos\drivers/fsl_gpio.h:191:20:GPIO_PortSet	16	static
C:\Users\jorge\Documents\MCUXpressoIDE_11.4.0_6237\workspace\frdmk64f_lwip_mqtt_freertos\drivers/fsl_gpio.h:206:20:GPIO_PortClear	16	static
C:\Users\jorge\Documents\MCUXpressoIDE_11.4.0_6237\workspace\frdmk64f_lwip_mqtt_freertos\drivers/fsl_port.h:443:20:PORT_SetPinInterruptConfig	24	static
../source/lwip_mqtt_freertos.c:166:6:PORTA_IRQHandler	8	static
../source/lwip_mqtt_freertos.c:185:13:mqtt_topic_subscribed_cb	24	static
../source/lwip_mqtt_freertos.c:202:13:mqtt_incoming_publish_cb	32	static
../source/lwip_mqtt_freertos.c:228:13:mqtt_incoming_data_cb	40	static
../source/lwip_mqtt_freertos.c:329:13:mqtt_subscribe_topics	40	static
../source/lwip_mqtt_freertos.c:357:13:mqtt_connection_cb	32	static
../source/lwip_mqtt_freertos.c:403:13:connect_to_mqtt	24	static
../source/lwip_mqtt_freertos.c:416:13:mqtt_message_published_cb	24	static
../source/lwip_mqtt_freertos.c:433:13:publish_message	64	static
../source/lwip_mqtt_freertos.c:510:13:app_thread	32	static
../source/lwip_mqtt_freertos.c:594:13:app_thread_2	24	static
../source/lwip_mqtt_freertos.c:721:13:generate_client_id	48	static
../source/lwip_mqtt_freertos.c:744:13:stack_init	56	static
../source/lwip_mqtt_freertos.c:797:5:main	32	static
